15:06:07 **** Build of configuration Debug for project hello world cortex arduino due ****
make all 
Building file: ../system/src/newlib/_cxx.cpp
Invoking: Cross ARM C++ Compiler
arm-none-eabi-g++ -mcpu=cortex-m3 -mthumb -Og -fmessage-length=0 -fsigned-char -ffunction-sections -fdata-sections -Wunused -Wuninitialized -Wall -Wextra -Wmissing-declarations -Wconversion -Wpointer-arith -Wpadded -Wshadow -Wlogical-op -Waggregate-return -Wfloat-equal  -g3 -DDEBUG -DTRACE -DOS_USE_TRACE_SEMIHOSTING_STDOUT -D__SAM3X8E__ -I"../include" -I"../system/include" -I"../system/include/CMSIS" -I"../system/include/sam3x" -std=gnu++11 -fabi-version=0 -fno-exceptions -fno-rtti -fno-use-cxa-atexit -fno-threadsafe-statics -Wabi -Wctor-dtor-privacy -Wnoexcept -Wnon-virtual-dtor -Wstrict-null-sentinel -Wsign-promo -MMD -MP -MF"system/src/newlib/_cxx.d" -MT"system/src/newlib/_cxx.o" -c -o "system/src/newlib/_cxx.o" "../system/src/newlib/_cxx.cpp"
Finished building: ../system/src/newlib/_cxx.cpp
 
Building file: ../system/src/newlib/_exit.c
Invoking: Cross ARM C Compiler
arm-none-eabi-gcc -mcpu=cortex-m3 -mthumb -Og -fmessage-length=0 -fsigned-char -ffunction-sections -fdata-sections -Wunused -Wuninitialized -Wall -Wextra -Wmissing-declarations -Wconversion -Wpointer-arith -Wpadded -Wshadow -Wlogical-op -Waggregate-return -Wfloat-equal  -g3 -DDEBUG -DTRACE -DOS_USE_TRACE_SEMIHOSTING_STDOUT -D__SAM3X8E__ -I"../include" -I"../system/include" -I"../system/include/CMSIS" -I"../system/include/sam3x" -std=gnu11 -Wmissing-prototypes -Wstrict-prototypes -Wbad-function-cast -MMD -MP -MF"system/src/newlib/_exit.d" -MT"system/src/newlib/_exit.o" -c -o "system/src/newlib/_exit.o" "../system/src/newlib/_exit.c"
Finished building: ../system/src/newlib/_exit.c
 
Building file: ../system/src/newlib/_sbrk.c
Invoking: Cross ARM C Compiler
arm-none-eabi-gcc -mcpu=cortex-m3 -mthumb -Og -fmessage-length=0 -fsigned-char -ffunction-sections -fdata-sections -Wunused -Wuninitialized -Wall -Wextra -Wmissing-declarations -Wconversion -Wpointer-arith -Wpadded -Wshadow -Wlogical-op -Waggregate-return -Wfloat-equal  -g3 -DDEBUG -DTRACE -DOS_USE_TRACE_SEMIHOSTING_STDOUT -D__SAM3X8E__ -I"../include" -I"../system/include" -I"../system/include/CMSIS" -I"../system/include/sam3x" -std=gnu11 -Wmissing-prototypes -Wstrict-prototypes -Wbad-function-cast -MMD -MP -MF"system/src/newlib/_sbrk.d" -MT"system/src/newlib/_sbrk.o" -c -o "system/src/newlib/_sbrk.o" "../system/src/newlib/_sbrk.c"
Finished building: ../system/src/newlib/_sbrk.c
 
Building file: ../system/src/newlib/_startup.c
Invoking: Cross ARM C Compiler
arm-none-eabi-gcc -mcpu=cortex-m3 -mthumb -Og -fmessage-length=0 -fsigned-char -ffunction-sections -fdata-sections -Wunused -Wuninitialized -Wall -Wextra -Wmissing-declarations -Wconversion -Wpointer-arith -Wpadded -Wshadow -Wlogical-op -Waggregate-return -Wfloat-equal  -g3 -DDEBUG -DTRACE -DOS_USE_TRACE_SEMIHOSTING_STDOUT -D__SAM3X8E__ -I"../include" -I"../system/include" -I"../system/include/CMSIS" -I"../system/include/sam3x" -std=gnu11 -Wmissing-prototypes -Wstrict-prototypes -Wbad-function-cast -MMD -MP -MF"system/src/newlib/_startup.d" -MT"system/src/newlib/_startup.o" -c -o "system/src/newlib/_startup.o" "../system/src/newlib/_startup.c"
Finished building: ../system/src/newlib/_startup.c
 
Building file: ../system/src/newlib/_syscalls.c
Invoking: Cross ARM C Compiler
arm-none-eabi-gcc -mcpu=cortex-m3 -mthumb -Og -fmessage-length=0 -fsigned-char -ffunction-sections -fdata-sections -Wunused -Wuninitialized -Wall -Wextra -Wmissing-declarations -Wconversion -Wpointer-arith -Wpadded -Wshadow -Wlogical-op -Waggregate-return -Wfloat-equal  -g3 -DDEBUG -DTRACE -DOS_USE_TRACE_SEMIHOSTING_STDOUT -D__SAM3X8E__ -I"../include" -I"../system/include" -I"../system/include/CMSIS" -I"../system/include/sam3x" -std=gnu11 -Wmissing-prototypes -Wstrict-prototypes -Wbad-function-cast -MMD -MP -MF"system/src/newlib/_syscalls.d" -MT"system/src/newlib/_syscalls.o" -c -o "system/src/newlib/_syscalls.o" "../system/src/newlib/_syscalls.c"
Finished building: ../system/src/newlib/_syscalls.c
 
Building file: ../system/src/newlib/_write.c
Invoking: Cross ARM C Compiler
arm-none-eabi-gcc -mcpu=cortex-m3 -mthumb -Og -fmessage-length=0 -fsigned-char -ffunction-sections -fdata-sections -Wunused -Wuninitialized -Wall -Wextra -Wmissing-declarations -Wconversion -Wpointer-arith -Wpadded -Wshadow -Wlogical-op -Waggregate-return -Wfloat-equal  -g3 -DDEBUG -DTRACE -DOS_USE_TRACE_SEMIHOSTING_STDOUT -D__SAM3X8E__ -I"../include" -I"../system/include" -I"../system/include/CMSIS" -I"../system/include/sam3x" -std=gnu11 -Wmissing-prototypes -Wstrict-prototypes -Wbad-function-cast -MMD -MP -MF"system/src/newlib/_write.d" -MT"system/src/newlib/_write.o" -c -o "system/src/newlib/_write.o" "../system/src/newlib/_write.c"
Finished building: ../system/src/newlib/_write.c
 
Building file: ../system/src/newlib/assert.c
Invoking: Cross ARM C Compiler
arm-none-eabi-gcc -mcpu=cortex-m3 -mthumb -Og -fmessage-length=0 -fsigned-char -ffunction-sections -fdata-sections -Wunused -Wuninitialized -Wall -Wextra -Wmissing-declarations -Wconversion -Wpointer-arith -Wpadded -Wshadow -Wlogical-op -Waggregate-return -Wfloat-equal  -g3 -DDEBUG -DTRACE -DOS_USE_TRACE_SEMIHOSTING_STDOUT -D__SAM3X8E__ -I"../include" -I"../system/include" -I"../system/include/CMSIS" -I"../system/include/sam3x" -std=gnu11 -Wmissing-prototypes -Wstrict-prototypes -Wbad-function-cast -MMD -MP -MF"system/src/newlib/assert.d" -MT"system/src/newlib/assert.o" -c -o "system/src/newlib/assert.o" "../system/src/newlib/assert.c"
Finished building: ../system/src/newlib/assert.c
 
Building file: ../system/src/diag/Trace.c
Invoking: Cross ARM C Compiler
arm-none-eabi-gcc -mcpu=cortex-m3 -mthumb -Og -fmessage-length=0 -fsigned-char -ffunction-sections -fdata-sections -Wunused -Wuninitialized -Wall -Wextra -Wmissing-declarations -Wconversion -Wpointer-arith -Wpadded -Wshadow -Wlogical-op -Waggregate-return -Wfloat-equal  -g3 -DDEBUG -DTRACE -DOS_USE_TRACE_SEMIHOSTING_STDOUT -D__SAM3X8E__ -I"../include" -I"../system/include" -I"../system/include/CMSIS" -I"../system/include/sam3x" -std=gnu11 -Wmissing-prototypes -Wstrict-prototypes -Wbad-function-cast -MMD -MP -MF"system/src/diag/Trace.d" -MT"system/src/diag/Trace.o" -c -o "system/src/diag/Trace.o" "../system/src/diag/Trace.c"
Finished building: ../system/src/diag/Trace.c
 
Building file: ../system/src/diag/trace_impl.c
Invoking: Cross ARM C Compiler
arm-none-eabi-gcc -mcpu=cortex-m3 -mthumb -Og -fmessage-length=0 -fsigned-char -ffunction-sections -fdata-sections -Wunused -Wuninitialized -Wall -Wextra -Wmissing-declarations -Wconversion -Wpointer-arith -Wpadded -Wshadow -Wlogical-op -Waggregate-return -Wfloat-equal  -g3 -DDEBUG -DTRACE -DOS_USE_TRACE_SEMIHOSTING_STDOUT -D__SAM3X8E__ -I"../include" -I"../system/include" -I"../system/include/CMSIS" -I"../system/include/sam3x" -std=gnu11 -Wmissing-prototypes -Wstrict-prototypes -Wbad-function-cast -MMD -MP -MF"system/src/diag/trace_impl.d" -MT"system/src/diag/trace_impl.o" -c -o "system/src/diag/trace_impl.o" "../system/src/diag/trace_impl.c"
Finished building: ../system/src/diag/trace_impl.c
 
Building file: ../system/src/cortexm/_initialize_hardware.c
Invoking: Cross ARM C Compiler
arm-none-eabi-gcc -mcpu=cortex-m3 -mthumb -Og -fmessage-length=0 -fsigned-char -ffunction-sections -fdata-sections -Wunused -Wuninitialized -Wall -Wextra -Wmissing-declarations -Wconversion -Wpointer-arith -Wpadded -Wshadow -Wlogical-op -Waggregate-return -Wfloat-equal  -g3 -DDEBUG -DTRACE -DOS_USE_TRACE_SEMIHOSTING_STDOUT -D__SAM3X8E__ -I"../include" -I"../system/include" -I"../system/include/CMSIS" -I"../system/include/sam3x" -std=gnu11 -Wmissing-prototypes -Wstrict-prototypes -Wbad-function-cast -MMD -MP -MF"system/src/cortexm/_initialize_hardware.d" -MT"system/src/cortexm/_initialize_hardware.o" -c -o "system/src/cortexm/_initialize_hardware.o" "../system/src/cortexm/_initialize_hardware.c"
Finished building: ../system/src/cortexm/_initialize_hardware.c
 
Building file: ../system/src/cortexm/_reset_hardware.c
Invoking: Cross ARM C Compiler
arm-none-eabi-gcc -mcpu=cortex-m3 -mthumb -Og -fmessage-length=0 -fsigned-char -ffunction-sections -fdata-sections -Wunused -Wuninitialized -Wall -Wextra -Wmissing-declarations -Wconversion -Wpointer-arith -Wpadded -Wshadow -Wlogical-op -Waggregate-return -Wfloat-equal  -g3 -DDEBUG -DTRACE -DOS_USE_TRACE_SEMIHOSTING_STDOUT -D__SAM3X8E__ -I"../include" -I"../system/include" -I"../system/include/CMSIS" -I"../system/include/sam3x" -std=gnu11 -Wmissing-prototypes -Wstrict-prototypes -Wbad-function-cast -MMD -MP -MF"system/src/cortexm/_reset_hardware.d" -MT"system/src/cortexm/_reset_hardware.o" -c -o "system/src/cortexm/_reset_hardware.o" "../system/src/cortexm/_reset_hardware.c"
Finished building: ../system/src/cortexm/_reset_hardware.c
 
Building file: ../system/src/cortexm/exception_handlers.c
Invoking: Cross ARM C Compiler
arm-none-eabi-gcc -mcpu=cortex-m3 -mthumb -Og -fmessage-length=0 -fsigned-char -ffunction-sections -fdata-sections -Wunused -Wuninitialized -Wall -Wextra -Wmissing-declarations -Wconversion -Wpointer-arith -Wpadded -Wshadow -Wlogical-op -Waggregate-return -Wfloat-equal  -g3 -DDEBUG -DTRACE -DOS_USE_TRACE_SEMIHOSTING_STDOUT -D__SAM3X8E__ -I"../include" -I"../system/include" -I"../system/include/CMSIS" -I"../system/include/sam3x" -std=gnu11 -Wmissing-prototypes -Wstrict-prototypes -Wbad-function-cast -MMD -MP -MF"system/src/cortexm/exception_handlers.d" -MT"system/src/cortexm/exception_handlers.o" -c -o "system/src/cortexm/exception_handlers.o" "../system/src/cortexm/exception_handlers.c"
Finished building: ../system/src/cortexm/exception_handlers.c
 
Building file: ../system/src/CMSIS/system_sam3x.c
Invoking: Cross ARM C Compiler
arm-none-eabi-gcc -mcpu=cortex-m3 -mthumb -Og -fmessage-length=0 -fsigned-char -ffunction-sections -fdata-sections -Wunused -Wuninitialized -Wall -Wextra -Wmissing-declarations -Wconversion -Wpointer-arith -Wpadded -Wshadow -Wlogical-op -Waggregate-return -Wfloat-equal  -g3 -DDEBUG -DTRACE -DOS_USE_TRACE_SEMIHOSTING_STDOUT -D__SAM3X8E__ -I"../include" -I"../system/include" -I"../system/include/CMSIS" -I"../system/include/sam3x" -std=gnu11 -Wmissing-prototypes -Wstrict-prototypes -Wbad-function-cast -MMD -MP -MF"system/src/CMSIS/system_sam3x.d" -MT"system/src/CMSIS/system_sam3x.o" -c -o "system/src/CMSIS/system_sam3x.o" "../system/src/CMSIS/system_sam3x.c"
Finished building: ../system/src/CMSIS/system_sam3x.c
 
Building file: ../system/src/CMSIS/vectors_sam3x.c
Invoking: Cross ARM C Compiler
arm-none-eabi-gcc -mcpu=cortex-m3 -mthumb -Og -fmessage-length=0 -fsigned-char -ffunction-sections -fdata-sections -Wunused -Wuninitialized -Wall -Wextra -Wmissing-declarations -Wconversion -Wpointer-arith -Wpadded -Wshadow -Wlogical-op -Waggregate-return -Wfloat-equal  -g3 -DDEBUG -DTRACE -DOS_USE_TRACE_SEMIHOSTING_STDOUT -D__SAM3X8E__ -I"../include" -I"../system/include" -I"../system/include/CMSIS" -I"../system/include/sam3x" -std=gnu11 -Wmissing-prototypes -Wstrict-prototypes -Wbad-function-cast -MMD -MP -MF"system/src/CMSIS/vectors_sam3x.d" -MT"system/src/CMSIS/vectors_sam3x.o" -c -o "system/src/CMSIS/vectors_sam3x.o" "../system/src/CMSIS/vectors_sam3x.c"
Finished building: ../system/src/CMSIS/vectors_sam3x.c
 
Building file: ../src/BlinkLed.cpp
Invoking: Cross ARM C++ Compiler
arm-none-eabi-g++ -mcpu=cortex-m3 -mthumb -Og -fmessage-length=0 -fsigned-char -ffunction-sections -fdata-sections -Wunused -Wuninitialized -Wall -Wextra -Wmissing-declarations -Wconversion -Wpointer-arith -Wpadded -Wshadow -Wlogical-op -Waggregate-return -Wfloat-equal  -g3 -DDEBUG -DTRACE -DOS_USE_TRACE_SEMIHOSTING_STDOUT -D__SAM3X8E__ -I"../include" -I"../system/include" -I"../system/include/CMSIS" -I"../system/include/sam3x" -std=gnu++11 -fabi-version=0 -fno-exceptions -fno-rtti -fno-use-cxa-atexit -fno-threadsafe-statics -Wabi -Wctor-dtor-privacy -Wnoexcept -Wnon-virtual-dtor -Wstrict-null-sentinel -Wsign-promo -MMD -MP -MF"src/BlinkLed.d" -MT"src/BlinkLed.o" -c -o "src/BlinkLed.o" "../src/BlinkLed.cpp"
In file included from ../include/BlinkLed.h:9:0,
                 from ../src/BlinkLed.cpp:6:
../include/sam3x_conf.h:12:0: warning: "__SAM3X8E__" redefined [enabled by default]
 #define __SAM3X8E__
 ^
<command-line>:0:0: note: this is the location of the previous definition
Finished building: ../src/BlinkLed.cpp
 
Building file: ../src/Timer.cpp
Invoking: Cross ARM C++ Compiler
arm-none-eabi-g++ -mcpu=cortex-m3 -mthumb -Og -fmessage-length=0 -fsigned-char -ffunction-sections -fdata-sections -Wunused -Wuninitialized -Wall -Wextra -Wmissing-declarations -Wconversion -Wpointer-arith -Wpadded -Wshadow -Wlogical-op -Waggregate-return -Wfloat-equal  -g3 -DDEBUG -DTRACE -DOS_USE_TRACE_SEMIHOSTING_STDOUT -D__SAM3X8E__ -I"../include" -I"../system/include" -I"../system/include/CMSIS" -I"../system/include/sam3x" -std=gnu++11 -fabi-version=0 -fno-exceptions -fno-rtti -fno-use-cxa-atexit -fno-threadsafe-statics -Wabi -Wctor-dtor-privacy -Wnoexcept -Wnon-virtual-dtor -Wstrict-null-sentinel -Wsign-promo -MMD -MP -MF"src/Timer.d" -MT"src/Timer.o" -c -o "src/Timer.o" "../src/Timer.cpp"
Finished building: ../src/Timer.cpp
 
Building file: ../src/main.cpp
Invoking: Cross ARM C++ Compiler
arm-none-eabi-g++ -mcpu=cortex-m3 -mthumb -Og -fmessage-length=0 -fsigned-char -ffunction-sections -fdata-sections -Wunused -Wuninitialized -Wall -Wextra -Wmissing-declarations -Wconversion -Wpointer-arith -Wpadded -Wshadow -Wlogical-op -Waggregate-return -Wfloat-equal  -g3 -DDEBUG -DTRACE -DOS_USE_TRACE_SEMIHOSTING_STDOUT -D__SAM3X8E__ -I"../include" -I"../system/include" -I"../system/include/CMSIS" -I"../system/include/sam3x" -std=gnu++11 -fabi-version=0 -fno-exceptions -fno-rtti -fno-use-cxa-atexit -fno-threadsafe-statics -Wabi -Wctor-dtor-privacy -Wnoexcept -Wnon-virtual-dtor -Wstrict-null-sentinel -Wsign-promo -MMD -MP -MF"src/main.d" -MT"src/main.o" -c -o "src/main.o" "../src/main.cpp"
In file included from ../include/BlinkLed.h:9:0,
                 from ../src/main.cpp:12:
../include/sam3x_conf.h:12:0: warning: "__SAM3X8E__" redefined [enabled by default]
 #define __SAM3X8E__
 ^
<command-line>:0:0: note: this is the location of the previous definition
Finished building: ../src/main.cpp
 
Building target: hello world cortex arduino due.elf
Invoking: Cross ARM C++ Linker
arm-none-eabi-g++ -mcpu=cortex-m3 -mthumb -Og -fmessage-length=0 -fsigned-char -ffunction-sections -fdata-sections -Wunused -Wuninitialized -Wall -Wextra -Wmissing-declarations -Wconversion -Wpointer-arith -Wpadded -Wshadow -Wlogical-op -Waggregate-return -Wfloat-equal  -g3 -T mem.ld -T sections.ld -T libs.ld -nostartfiles -Xlinker --gc-sections -L"../ldscripts" -Wl,-Map,"hello world cortex arduino due.map" --specs=nano.specs -o "hello world cortex arduino due.elf"  ./system/src/newlib/_cxx.o ./system/src/newlib/_exit.o ./system/src/newlib/_sbrk.o ./system/src/newlib/_startup.o ./system/src/newlib/_syscalls.o ./system/src/newlib/_write.o ./system/src/newlib/assert.o  ./system/src/diag/Trace.o ./system/src/diag/trace_impl.o  ./system/src/cortexm/_initialize_hardware.o ./system/src/cortexm/_reset_hardware.o ./system/src/cortexm/exception_handlers.o  ./system/src/CMSIS/system_sam3x.o ./system/src/CMSIS/vectors_sam3x.o  ./src/BlinkLed.o ./src/Timer.o ./src/main.o   
Finished building target: hello world cortex arduino due.elf
 
Invoking: Cross ARM GNU Create Flash Image
arm-none-eabi-objcopy -O binary "hello world cortex arduino due.elf"  "hello world cortex arduino due.bin"
Finished building: hello world cortex arduino due.bin
 
Invoking: Cross ARM GNU Print Size
arm-none-eabi-size --format=berkeley "hello world cortex arduino due.elf"
   text	   data	    bss	    dec	    hex	filename
   5867	    120	    420	   6407	   1907	hello world cortex arduino due.elf
Finished building: hello world cortex arduino due.siz
 
